[      68ms] [ERROR] Manifest: Line: 1, column: 1, Syntax error. @ http://localhost:5173/st-dom-yt-website/st-dom-yt-website/manifest.json:0
[     127ms] [INFO] %cDownload the React DevTools for a better development experience: https://reactjs.org/link/react-devtools font-weight:bold @ http://localhost:5173/st-dom-yt-website/node_modules/.vite/deps/chunk-2MQEAGU2.js?v=27493e30:21608
[     137ms] [LOG] [SW] Skipping registration in development mode. @ http://localhost:5173/st-dom-yt-website/src/registerSW.js:9
[     174ms] [ERROR] Manifest: Line: 1, column: 1, Syntax error. @ http://localhost:5173/st-dom-yt-website/st-dom-yt-website/manifest.json:0
[     198ms] [WARNING] <meta name="apple-mobile-web-app-capable" content="yes"> is deprecated. Please include <meta name="mobile-web-app-capable" content="yes"> @ http://localhost:5173/st-dom-yt-website/give:0
[    2018ms] [ERROR] Manifest: Line: 1, column: 1, Syntax error. @ http://localhost:5173/st-dom-yt-website/st-dom-yt-website/manifest.json:0
[    2022ms] [INFO] %cDownload the React DevTools for a better development experience: https://reactjs.org/link/react-devtools font-weight:bold @ http://localhost:5173/st-dom-yt-website/node_modules/.vite/deps/chunk-2MQEAGU2.js?v=27493e30:21608
[    2041ms] [LOG] [SW] Skipping registration in development mode. @ http://localhost:5173/st-dom-yt-website/src/registerSW.js:9
[    2047ms] [ERROR] Manifest: Line: 1, column: 1, Syntax error. @ http://localhost:5173/st-dom-yt-website/st-dom-yt-website/manifest.json:0
[    2090ms] [WARNING] <meta name="apple-mobile-web-app-capable" content="yes"> is deprecated. Please include <meta name="mobile-web-app-capable" content="yes"> @ http://localhost:5173/st-dom-yt-website/contact:0
[    3991ms] [ERROR] Manifest: Line: 1, column: 1, Syntax error. @ http://localhost:5173/st-dom-yt-website/st-dom-yt-website/manifest.json:0
[    3996ms] [INFO] %cDownload the React DevTools for a better development experience: https://reactjs.org/link/react-devtools font-weight:bold @ http://localhost:5173/st-dom-yt-website/node_modules/.vite/deps/chunk-2MQEAGU2.js?v=27493e30:21608
[    4002ms] [LOG] [SW] Skipping registration in development mode. @ http://localhost:5173/st-dom-yt-website/src/registerSW.js:9
[    4014ms] [ERROR] Manifest: Line: 1, column: 1, Syntax error. @ http://localhost:5173/st-dom-yt-website/st-dom-yt-website/manifest.json:0
[    4052ms] [WARNING] <meta name="apple-mobile-web-app-capable" content="yes"> is deprecated. Please include <meta name="mobile-web-app-capable" content="yes"> @ http://localhost:5173/st-dom-yt-website/sacraments/baptism:0
[   76965ms] [ERROR] Manifest: Line: 1, column: 1, Syntax error. @ http://localhost:5173/st-dom-yt-website/st-dom-yt-website/manifest.json:0
[   76974ms] [INFO] %cDownload the React DevTools for a better development experience: https://reactjs.org/link/react-devtools font-weight:bold @ http://localhost:5173/st-dom-yt-website/node_modules/.vite/deps/chunk-2MQEAGU2.js?v=27493e30:21608
[   76981ms] [LOG] [SW] Skipping registration in development mode. @ http://localhost:5173/st-dom-yt-website/src/registerSW.js:9
[   76988ms] [ERROR] Manifest: Line: 1, column: 1, Syntax error. @ http://localhost:5173/st-dom-yt-website/st-dom-yt-website/manifest.json:0
[   77031ms] [WARNING] <meta name="apple-mobile-web-app-capable" content="yes"> is deprecated. Please include <meta name="mobile-web-app-capable" content="yes"> @ http://localhost:5173/st-dom-yt-website/sacraments:0
[  157127ms] [ERROR] Manifest: Line: 1, column: 1, Syntax error. @ http://localhost:5173/st-dom-yt-website/st-dom-yt-website/manifest.json:0
[  157130ms] [INFO] %cDownload the React DevTools for a better development experience: https://reactjs.org/link/react-devtools font-weight:bold @ http://localhost:5173/st-dom-yt-website/node_modules/.vite/deps/chunk-2MQEAGU2.js?v=27493e30:21608
[  157139ms] [LOG] [SW] Skipping registration in development mode. @ http://localhost:5173/st-dom-yt-website/src/registerSW.js:9
[  157146ms] [ERROR] Manifest: Line: 1, column: 1, Syntax error. @ http://localhost:5173/st-dom-yt-website/st-dom-yt-website/manifest.json:0
[  320486ms] [ERROR] Manifest: Line: 1, column: 1, Syntax error. @ http://localhost:5173/st-dom-yt-website/st-dom-yt-website/manifest.json:0
[  320494ms] [INFO] %cDownload the React DevTools for a better development experience: https://reactjs.org/link/react-devtools font-weight:bold @ http://localhost:5173/st-dom-yt-website/node_modules/.vite/deps/chunk-2MQEAGU2.js?v=27493e30:21608
[  320501ms] [LOG] [SW] Skipping registration in development mode. @ http://localhost:5173/st-dom-yt-website/src/registerSW.js:9
[  320508ms] [ERROR] Manifest: Line: 1, column: 1, Syntax error. @ http://localhost:5173/st-dom-yt-website/st-dom-yt-website/manifest.json:0
[  402175ms] [ERROR] Manifest: Line: 1, column: 1, Syntax error. @ http://localhost:5173/st-dom-yt-website/st-dom-yt-website/manifest.json:0
[  402182ms] [INFO] %cDownload the React DevTools for a better development experience: https://reactjs.org/link/react-devtools font-weight:bold @ http://localhost:5173/st-dom-yt-website/node_modules/.vite/deps/chunk-2MQEAGU2.js?v=27493e30:21608
[  402190ms] [LOG] [SW] Skipping registration in development mode. @ http://localhost:5173/st-dom-yt-website/src/registerSW.js:9
[  402197ms] [ERROR] Manifest: Line: 1, column: 1, Syntax error. @ http://localhost:5173/st-dom-yt-website/st-dom-yt-website/manifest.json:0
[  405222ms] [WARNING] The resource http://localhost:5173/st-dom-yt-website/photos/aerial-interior-opt-1024.webp was preloaded using link preload but not used within a few seconds from the window's load event. Please make sure it has an appropriate `as` value and it is preloaded intentionally. @ http://localhost:5173/st-dom-yt-website/:0
[  430058ms] [WARNING] The resource http://localhost:5173/st-dom-yt-website/photos/aerial-interior-opt-1024.webp was preloaded using link preload but not used within a few seconds from the window's load event. Please make sure it has an appropriate `as` value and it is preloaded intentionally. @ http://localhost:5173/st-dom-yt-website/:0
[  611655ms] [ERROR] Manifest: Line: 1, column: 1, Syntax error. @ http://localhost:5173/st-dom-yt-website/st-dom-yt-website/manifest.json:0
[  611658ms] [INFO] %cDownload the React DevTools for a better development experience: https://reactjs.org/link/react-devtools font-weight:bold @ http://localhost:5173/st-dom-yt-website/node_modules/.vite/deps/chunk-2MQEAGU2.js?v=27493e30:21608
[  611666ms] [LOG] [SW] Skipping registration in development mode. @ http://localhost:5173/st-dom-yt-website/src/registerSW.js:9
[  611674ms] [ERROR] Manifest: Line: 1, column: 1, Syntax error. @ http://localhost:5173/st-dom-yt-website/st-dom-yt-website/manifest.json:0
[  614698ms] [WARNING] The resource http://localhost:5173/st-dom-yt-website/photos/aerial-interior-opt-1024.webp was preloaded using link preload but not used within a few seconds from the window's load event. Please make sure it has an appropriate `as` value and it is preloaded intentionally. @ http://localhost:5173/st-dom-yt-website/:0
[  678654ms] [WARNING] The resource http://localhost:5173/st-dom-yt-website/photos/aerial-interior-opt-1024.webp was preloaded using link preload but not used within a few seconds from the window's load event. Please make sure it has an appropriate `as` value and it is preloaded intentionally. @ http://localhost:5173/st-dom-yt-website/:0
[  773938ms] [ERROR] Manifest: Line: 1, column: 1, Syntax error. @ http://localhost:5173/st-dom-yt-website/st-dom-yt-website/manifest.json:0
[  773945ms] [INFO] %cDownload the React DevTools for a better development experience: https://reactjs.org/link/react-devtools font-weight:bold @ http://localhost:5173/st-dom-yt-website/node_modules/.vite/deps/chunk-2MQEAGU2.js?v=27493e30:21608
[  773952ms] [LOG] [SW] Skipping registration in development mode. @ http://localhost:5173/st-dom-yt-website/src/registerSW.js:9
[  773959ms] [ERROR] Manifest: Line: 1, column: 1, Syntax error. @ http://localhost:5173/st-dom-yt-website/st-dom-yt-website/manifest.json:0
[ 1060650ms] [ERROR] Manifest: Line: 1, column: 1, Syntax error. @ http://localhost:5173/st-dom-yt-website/st-dom-yt-website/manifest.json:0
[ 1060658ms] [INFO] %cDownload the React DevTools for a better development experience: https://reactjs.org/link/react-devtools font-weight:bold @ http://localhost:5173/st-dom-yt-website/node_modules/.vite/deps/chunk-2MQEAGU2.js?v=27493e30:21608
[ 1060666ms] [LOG] [SW] Skipping registration in development mode. @ http://localhost:5173/st-dom-yt-website/src/registerSW.js:9
[ 1060678ms] [ERROR] Manifest: Line: 1, column: 1, Syntax error. @ http://localhost:5173/st-dom-yt-website/st-dom-yt-website/manifest.json:0
[ 1062245ms] [ERROR] Manifest: Line: 1, column: 1, Syntax error. @ http://localhost:5173/st-dom-yt-website/st-dom-yt-website/manifest.json:0
[ 1062250ms] [INFO] %cDownload the React DevTools for a better development experience: https://reactjs.org/link/react-devtools font-weight:bold @ http://localhost:5173/st-dom-yt-website/node_modules/.vite/deps/chunk-2MQEAGU2.js?v=27493e30:21608
[ 1062257ms] [LOG] [SW] Skipping registration in development mode. @ http://localhost:5173/st-dom-yt-website/src/registerSW.js:9
[ 1062262ms] [ERROR] Manifest: Line: 1, column: 1, Syntax error. @ http://localhost:5173/st-dom-yt-website/st-dom-yt-website/manifest.json:0
[ 1063872ms] [ERROR] Manifest: Line: 1, column: 1, Syntax error. @ http://localhost:5173/st-dom-yt-website/st-dom-yt-website/manifest.json:0
[ 1063879ms] [INFO] %cDownload the React DevTools for a better development experience: https://reactjs.org/link/react-devtools font-weight:bold @ http://localhost:5173/st-dom-yt-website/node_modules/.vite/deps/chunk-2MQEAGU2.js?v=27493e30:21608
[ 1063885ms] [LOG] [SW] Skipping registration in development mode. @ http://localhost:5173/st-dom-yt-website/src/registerSW.js:9
[ 1063891ms] [ERROR] Manifest: Line: 1, column: 1, Syntax error. @ http://localhost:5173/st-dom-yt-website/st-dom-yt-website/manifest.json:0
[ 1065414ms] [ERROR] Manifest: Line: 1, column: 1, Syntax error. @ http://localhost:5173/st-dom-yt-website/st-dom-yt-website/manifest.json:0
[ 1065420ms] [INFO] %cDownload the React DevTools for a better development experience: https://reactjs.org/link/react-devtools font-weight:bold @ http://localhost:5173/st-dom-yt-website/node_modules/.vite/deps/chunk-2MQEAGU2.js?v=27493e30:21608
[ 1065429ms] [LOG] [SW] Skipping registration in development mode. @ http://localhost:5173/st-dom-yt-website/src/registerSW.js:9
[ 1065436ms] [ERROR] Manifest: Line: 1, column: 1, Syntax error. @ http://localhost:5173/st-dom-yt-website/st-dom-yt-website/manifest.json:0
[ 1135982ms] [ERROR] Manifest: Line: 1, column: 1, Syntax error. @ http://localhost:5173/st-dom-yt-website/st-dom-yt-website/manifest.json:0
[ 1135989ms] [INFO] %cDownload the React DevTools for a better development experience: https://reactjs.org/link/react-devtools font-weight:bold @ http://localhost:5173/st-dom-yt-website/node_modules/.vite/deps/chunk-2MQEAGU2.js?v=27493e30:21608
[ 1135997ms] [LOG] [SW] Skipping registration in development mode. @ http://localhost:5173/st-dom-yt-website/src/registerSW.js:9
[ 1136003ms] [ERROR] Manifest: Line: 1, column: 1, Syntax error. @ http://localhost:5173/st-dom-yt-website/st-dom-yt-website/manifest.json:0
[ 1226783ms] [ERROR] Manifest: Line: 1, column: 1, Syntax error. @ http://localhost:5173/st-dom-yt-website/st-dom-yt-website/manifest.json:0
[ 1226789ms] [INFO] %cDownload the React DevTools for a better development experience: https://reactjs.org/link/react-devtools font-weight:bold @ http://localhost:5173/st-dom-yt-website/node_modules/.vite/deps/chunk-2MQEAGU2.js?v=27493e30:21608
[ 1226797ms] [LOG] [SW] Skipping registration in development mode. @ http://localhost:5173/st-dom-yt-website/src/registerSW.js:9
[ 1226804ms] [ERROR] Manifest: Line: 1, column: 1, Syntax error. @ http://localhost:5173/st-dom-yt-website/st-dom-yt-website/manifest.json:0
[ 1231300ms] [WARNING] The resource http://localhost:5173/st-dom-yt-website/photos/interior-nave-opt-1024.webp was preloaded using link preload but not used within a few seconds from the window's load event. Please make sure it has an appropriate `as` value and it is preloaded intentionally. @ http://localhost:5173/st-dom-yt-website/about:0
[ 1297736ms] [WARNING] The resource http://localhost:5173/st-dom-yt-website/photos/interior-nave-opt-1024.webp was preloaded using link preload but not used within a few seconds from the window's load event. Please make sure it has an appropriate `as` value and it is preloaded intentionally. @ http://localhost:5173/st-dom-yt-website/about:0
[ 1324706ms] [ERROR] Failed to load resource: the server responded with a status of 404 (Not Found) @ http://localhost:5173/st-dom-yt-website/src/components/FadeSection.jsx?t=1781049554406:0
[ 1324707ms] [ERROR] [vite] Failed to reload /src/components/FadeSection.jsx. This could be due to syntax errors or importing non-existent modules. (see errors above) @ http://localhost:5173/st-dom-yt-website/@vite/client:881
[ 1324835ms] [ERROR] Manifest: Line: 1, column: 1, Syntax error. @ http://localhost:5173/st-dom-yt-website/st-dom-yt-website/manifest.json:0
[ 1324848ms] [INFO] %cDownload the React DevTools for a better development experience: https://reactjs.org/link/react-devtools font-weight:bold @ http://localhost:5173/st-dom-yt-website/node_modules/.vite/deps/chunk-2MQEAGU2.js?v=27493e30:21608
[ 1324856ms] [LOG] [SW] Skipping registration in development mode. @ http://localhost:5173/st-dom-yt-website/src/registerSW.js:9
[ 1324869ms] [ERROR] Manifest: Line: 1, column: 1, Syntax error. @ http://localhost:5173/st-dom-yt-website/st-dom-yt-website/manifest.json:0
[ 1327889ms] [WARNING] The resource http://localhost:5173/st-dom-yt-website/photos/interior-nave-opt-1024.webp was preloaded using link preload but not used within a few seconds from the window's load event. Please make sure it has an appropriate `as` value and it is preloaded intentionally. @ http://localhost:5173/st-dom-yt-website/about:0
[ 1342722ms] [WARNING] The resource http://localhost:5173/st-dom-yt-website/photos/interior-nave-opt-1024.webp was preloaded using link preload but not used within a few seconds from the window's load event. Please make sure it has an appropriate `as` value and it is preloaded intentionally. @ http://localhost:5173/st-dom-yt-website/about:0
[ 1346191ms] [WARNING] The resource http://localhost:5173/st-dom-yt-website/photos/interior-nave-opt-1024.webp was preloaded using link preload but not used within a few seconds from the window's load event. Please make sure it has an appropriate `as` value and it is preloaded intentionally. @ http://localhost:5173/st-dom-yt-website/about:0
[ 1386901ms] [WARNING] The resource http://localhost:5173/st-dom-yt-website/photos/interior-nave-opt-1024.webp was preloaded using link preload but not used within a few seconds from the window's load event. Please make sure it has an appropriate `as` value and it is preloaded intentionally. @ http://localhost:5173/st-dom-yt-website/about:0
[ 1399411ms] [WARNING] The resource http://localhost:5173/st-dom-yt-website/photos/interior-nave-opt-1024.webp was preloaded using link preload but not used within a few seconds from the window's load event. Please make sure it has an appropriate `as` value and it is preloaded intentionally. @ http://localhost:5173/st-dom-yt-website/about:0
[ 1460724ms] [WARNING] The resource http://localhost:5173/st-dom-yt-website/photos/interior-nave-opt-1024.webp was preloaded using link preload but not used within a few seconds from the window's load event. Please make sure it has an appropriate `as` value and it is preloaded intentionally. @ http://localhost:5173/st-dom-yt-website/about:0
[ 1698016ms] [WARNING] The resource http://localhost:5173/st-dom-yt-website/photos/interior-nave-opt-1024.webp was preloaded using link preload but not used within a few seconds from the window's load event. Please make sure it has an appropriate `as` value and it is preloaded intentionally. @ http://localhost:5173/st-dom-yt-website/about:0
[ 1947430ms] [WARNING] The resource http://localhost:5173/st-dom-yt-website/photos/interior-nave-opt-1024.webp was preloaded using link preload but not used within a few seconds from the window's load event. Please make sure it has an appropriate `as` value and it is preloaded intentionally. @ http://localhost:5173/st-dom-yt-website/about:0
[ 1954757ms] [WARNING] The resource http://localhost:5173/st-dom-yt-website/photos/interior-nave-opt-1024.webp was preloaded using link preload but not used within a few seconds from the window's load event. Please make sure it has an appropriate `as` value and it is preloaded intentionally. @ http://localhost:5173/st-dom-yt-website/about:0
